2018-05-10 10:33:06,006 ERROR HttpError on http://www.scjdj.gov.cn/html/1/include/index.jsp,status:404
2018-05-10 10:33:06,006 ERROR HttpError on http://www.scjdj.gov.cn/html/1/include/index.jsp,status:404
2018-05-10 10:33:06,006 ERROR HttpError on http://www.scjdj.gov.cn/html/1/include/index.jsp,status:404
2018-05-10 10:33:06,288 ERROR DNSLookupError on http://jdgl.hnssft.gov.cn
2018-05-10 10:33:06,288 ERROR DNSLookupError on http://jdgl.hnssft.gov.cn
2018-05-10 10:33:06,288 ERROR DNSLookupError on http://jdgl.hnssft.gov.cn
2018-05-10 10:33:06,288 ERROR DNSLookupError on http://jdgl.hnssft.gov.cn
2018-05-10 10:33:06,409 ERROR HttpError on http://www.nncc626.com/2016-05/26/c_129018470.htm,status:404
2018-05-10 10:33:06,409 ERROR HttpError on http://www.nncc626.com/2016-05/26/c_129018470.htm,status:404
2018-05-10 10:33:06,409 ERROR HttpError on http://www.nncc626.com/2016-05/26/c_129018470.htm,status:404
2018-05-10 10:33:06,409 ERROR HttpError on http://www.nncc626.com/2016-05/26/c_129018470.htm,status:404
2018-05-10 10:33:06,409 ERROR HttpError on http://www.nncc626.com/2016-05/26/c_129018470.htm,status:404
2018-05-10 10:33:06,526 ERROR HttpError on http://www.nncc626.com/2017-11/22/c_129746729.htm,status:404
2018-05-10 10:33:06,526 ERROR HttpError on http://www.nncc626.com/2017-11/22/c_129746729.htm,status:404
2018-05-10 10:33:06,526 ERROR HttpError on http://www.nncc626.com/2017-11/22/c_129746729.htm,status:404
2018-05-10 10:33:06,526 ERROR HttpError on http://www.nncc626.com/2017-11/22/c_129746729.htm,status:404
2018-05-10 10:33:06,526 ERROR HttpError on http://www.nncc626.com/2017-11/22/c_129746729.htm,status:404
2018-05-10 10:33:06,526 ERROR HttpError on http://www.nncc626.com/2017-11/22/c_129746729.htm,status:404
2018-05-10 10:33:06,526 ERROR HttpError on http://www.nncc626.com/2017-11/22/c_129746729.htm,status:404
